f x ↦ f x
f x ↦ f (f x)
f x ↦ f (f (f (f (f x))))
f x ↦ f x
f x ↦ f (f (f (f (f (f x)))))
(A → A) → A → A
(X : Type) → X → X
(X : Type) → X → X
(x : A) (y : A) → A → (z : A) → A
X f x ↦ x
X f x ↦ f x
m n Y f x ↦ n (Y → Y) (m Y) f x
Y f x ↦ f (f (f (f (f (f (f (f x)))))))
f 1
refl f 1 1 1
f⁽ᵉᵉ⁾ 1 1 1 1 1 1 1 1 1
( fst ≔ 0, snd ≔ 0 )
( 0, 0 )
( fst ≔ 1, 2 )
( snd ≔ 1, 2 )
( 0, ( 0, 0 ) )
( ( 0, 0 ), 0 )
( fst ≔ x ↦ x, snd ≔ 2 )
s .fst 3
(_ ≔ r)
[> >]
[> 2 >]
[> 4, 2 >]
0
refl a
a ↦ refl a
a⁽ᵉᵉ⁾
a⁽ᵉᵉᵉ⁾
sym a22
sym a222
a222⁽¹³²⁾
a222⁽²³¹⁾
a222⁽³²¹⁾
a
m + n
m + n * n
m * (m + n * n)
suc. (m + n)
(m + n) * (m + n)
